
> portafolio@1.0 build
> astro build

01:38:47 a. m. [content] Types generated 1.18s
01:38:47 a. m. [build] output target: static
01:38:47 a. m. [build] Collecting build info...
01:38:47 a. m. [build] Completed in 1.28s.
01:38:47 a. m. [build] Building static entrypoints...
01:38:54 a. m. [build] Completed in 7.54s.

 building client 
[36mvite v4.5.14 [32mbuilding for production...[36m[39m
transforming...
[32m✓[39m 57 modules transformed.
rendering chunks...
computing gzip size...
[2mdist/[22m[36m_astro/hoisted.878cdb4a.js                                           [39m[1m[2m  0.37 kB[22m[1m[22m[2m │ gzip:   0.27 kB[22m
[2mdist/[22m[36m_astro/hoisted.33286a2f.js                                           [39m[1m[2m  0.45 kB[22m[1m[22m[2m │ gzip:   0.28 kB[22m
[2mdist/[22m[36m_astro/hoisted.043202b5.js                                           [39m[1m[2m  0.52 kB[22m[1m[22m[2m │ gzip:   0.33 kB[22m
[2mdist/[22m[36m_astro/jsx-runtime.3a2d0367.js                                       [39m[1m[2m  0.92 kB[22m[1m[22m[2m │ gzip:   0.58 kB[22m
[2mdist/[22m[36m_astro/hoisted.0b3a3a3b.js                                           [39m[1m[2m  0.99 kB[22m[1m[22m[2m │ gzip:   0.51 kB[22m
[2mdist/[22m[36m_astro/MagicCursor.a0d52aed.js                                       [39m[1m[2m  1.19 kB[22m[1m[22m[2m │ gzip:   0.63 kB[22m
[2mdist/[22m[36m_astro/ChatWidget.ed7c0b80.js                                        [39m[1m[2m  6.49 kB[22m[1m[22m[2m │ gzip:   2.49 kB[22m
[2mdist/[22m[36m_astro/index.b2a7ed32.js                                             [39m[1m[2m  6.72 kB[22m[1m[22m[2m │ gzip:   2.68 kB[22m
[2mdist/[22m[36m_astro/ThemeToggle.astro_astro_type_script_index_0_lang.1fca2aab.js  [39m[1m[2m 13.94 kB[22m[1m[22m[2m │ gzip:   4.85 kB[22m
[2mdist/[22m[36m_astro/hoisted.54bd0d3b.js                                           [39m[1m[2m 18.43 kB[22m[1m[22m[2m │ gzip:   5.94 kB[22m
[2mdist/[22m[36m_astro/client.25911f27.js                                            [39m[1m[2m135.62 kB[22m[1m[22m[2m │ gzip:  43.81 kB[22m
[2mdist/[22m[36m_astro/ThreeDBackground.09b736ea.js                                  [39m[1m[2m469.82 kB[22m[1m[22m[2m │ gzip: 120.45 kB[22m
[32m✓ built in 3.58s[39m
Completed in 3.68s.


 generating static routes 
▶ src/pages/index.astro
  └─ /index.html (+115ms)
▶ src/pages/about.astro
  └─ /about/index.html (+18ms)
▶ src/pages/shop.astro
  └─ /shop/index.html (+78ms)
▶ src/pages/work/[...slug].astro
  ├─ /work/taskmaster-ai/index.html (+46ms)
  ├─ /work/fittrack-pro/index.html (+44ms)
  ├─ /work/codelearn/index.html (+28ms)
  ├─ /work/tradership/index.html (+13ms)
  ├─ /work/cryptovault/index.html (+34ms)
  ├─ /work/ecomarket/index.html (+50ms)
  ├─ /work/smarthome-iot/index.html (+53ms)
  ├─ /work/freelance/index.html (+26ms)
  ├─ /work/deploywizard-cli/index.html (+18ms)
  ├─ /work/studyflow/index.html (+33ms)
  ├─ /work/urban-real-estate/index.html (+51ms)
  ├─ /work/vitality/index.html (+18ms)
  ├─ /work/milmexico/index.html (+84ms)
  ├─ /work/neobank/index.html (+26ms)
  ├─ /work/saas-dashboard/index.html (+24ms)
  ├─ /work/ecommerce/index.html (+45ms)
  ├─ /work/medicare-portal/index.html (+17ms)
  ├─ /work/api-gateway/index.html (+50ms)
  ├─ /work/cursos-react/index.html (+22ms)
  ├─ /work/netguard-security/index.html (+30ms)
  ├─ /work/wanderlust-journal/index.html (+38ms)
  ├─ /work/gusto-pos/index.html (+23ms)
  ├─ /work/nexus-law/index.html (+19ms)
  ├─ /work/appgoals/index.html (+34ms)
  ├─ /work/nested/webpages/index.html (+15ms)
  └─ /work/homeofcode/index.html (+20ms)
▶ src/pages/work.astro
  └─ /work/index.html (+25ms)
▶ src/pages/404.astro
  └─ /404.html (+13ms)
Completed in 1.35s.

npm :  error   
Cannot read 
properties of 
undefined (reading 
'reduce')
En línea: 1 
Carácter: 1
+ npm run build > 
build_error.log 
2>&1
+ ~~~~~~~~~~~~~~~~~
~~~~~~~~~~~~~~~~~~~
    + CategoryInfo 
             : No  
  tSpecified: (    
 error   Cannot    
...ading 'redu    
ce'):String) [    
], RemoteExcep    
tion
    + FullyQualifi 
   edErrorId : Na  
  tiveCommandErr   
 or
 
  File:
    C:\Users\mateo\
Desktop\2025\PROYEC
TOS CODIGO\portafol
io-profesional\node
_modules\@astrojs\s
itemap\dist\index.j
s:69:37
  Code:
    68 |           
});
    > 69 |         
  const routeUrls 
= _routes.reduce((u
rls, r) => {
         |         
                   
         ^
      70 |         
    if (r.type !== 
"page") return 
urls;
      71 |         
    if 
(r.pathname) {
      72 |         
      if (shouldIgn
oreStatus(r.pathnam
e ?? r.pattern)) 
return urls;
  Stacktrace:
TypeError: Cannot 
read properties of 
undefined (reading 
'reduce')
    at 
astro:build:done (f
ile:///C:/Users/mat
eo/Desktop/2025/PRO
YECTOS%20CODIGO/por
tafolio-profesional
/node_modules/@astr
ojs/sitemap/dist/in
dex.js:69:37)
    at 
runHookBuildDone (f
ile:///C:/Users/mat
eo/Desktop/2025/PRO
YECTOS%20CODIGO/por
tafolio-profesional
/node_modules/astro
/dist/integrations/
index.js:330:58)
    at async 
AstroBuilder.build 
(file:///C:/Users/m
ateo/Desktop/2025/P
ROYECTOS%20CODIGO/p
ortafolio-profesion
al/node_modules/ast
ro/dist/core/build/
index.js:145:5)
    at async 
AstroBuilder.run (f
ile:///C:/Users/mat
eo/Desktop/2025/PRO
YECTOS%20CODIGO/por
tafolio-profesional
/node_modules/astro
/dist/core/build/in
dex.js:165:7)
    at async build 
(file:///C:/Users/m
ateo/Desktop/2025/P
ROYECTOS%20CODIGO/p
ortafolio-profesion
al/node_modules/ast
ro/dist/core/build/
index.js:44:3)
    at async build 
(file:///C:/Users/m
ateo/Desktop/2025/P
ROYECTOS%20CODIGO/p
ortafolio-profesion
al/node_modules/ast
ro/dist/cli/build/i
ndex.js:21:3)
    at async 
runCommand (file://
/C:/Users/mateo/Des
ktop/2025/PROYECTOS
%20CODIGO/portafoli
o-profesional/node_
modules/astro/dist/
cli/index.js:116:7)
    at async cli (f
ile:///C:/Users/mat
eo/Desktop/2025/PRO
YECTOS%20CODIGO/por
tafolio-profesional
/node_modules/astro
/dist/cli/index.js:
144:5)

